Component: ARM Compiler 5.06 update 6 (build 750) Tool: armlink [4d35ed]

==============================================================================

Section Cross References

    startup_lpc17xx.o(STACK) refers (Special) to heapauxi.o(.text) for __use_two_region_memory
    startup_lpc17xx.o(HEAP) refers (Special) to heapauxi.o(.text) for __use_two_region_memory
    startup_lpc17xx.o(RESET) refers (Special) to heapauxi.o(.text) for __use_two_region_memory
    startup_lpc17xx.o(RESET) refers to startup_lpc17xx.o(STACK) for __initial_sp
    startup_lpc17xx.o(RESET) refers to startup_lpc17xx.o(.text) for Reset_Handler
    startup_lpc17xx.o(RESET) refers to port.o(.emb_text) for vPortSVCHandler
    startup_lpc17xx.o(RESET) refers to port.o(.text) for xPortSysTickHandler
    startup_lpc17xx.o(.ARM.__at_0x02FC) refers (Special) to heapauxi.o(.text) for __use_two_region_memory
    startup_lpc17xx.o(.text) refers (Special) to heapauxi.o(.text) for __use_two_region_memory
    startup_lpc17xx.o(.text) refers to __main.o(!!!main) for __main
    startup_lpc17xx.o(.text) refers to startup_lpc17xx.o(HEAP) for Heap_Mem
    startup_lpc17xx.o(.text) refers to startup_lpc17xx.o(STACK) for Stack_Mem
    heap_1.o(.text) refers to tasks.o(.text) for vTaskSuspendAll
    heap_1.o(.text) refers to heap_1.o(.data) for xNextFreeByte
    heap_1.o(.text) refers to heap_1.o(.bss) for xHeap
    main.o(.text) refers to uart.o(.text) for UART_Printf
    main.o(.text) refers to tasks.o(.text) for vTaskDelay
    main.o(.text) refers to system_lpc17xx.o(.text) for SystemInit
    port.o(.emb_text) refers to tasks.o(.text) for vTaskSwitchContext
    port.o(.emb_text) refers to tasks.o(.data) for pxCurrentTCB
    port.o(.text) refers to port.o(.emb_text) for vPortStartFirstTask
    port.o(.text) refers to tasks.o(.text) for vTaskIncrementTick
    port.o(.text) refers to port.o(.data) for uxCriticalNesting
    queue.o(.text) refers to port.o(.text) for vPortEnterCritical
    queue.o(.text) refers to tasks.o(.text) for xTaskRemoveFromEventList
    queue.o(.text) refers to list.o(.text) for vListInitialise
    queue.o(.text) refers to heap_1.o(.text) for pvPortMalloc
    queue.o(.text) refers to rt_memcpy_v6.o(.text) for __aeabi_memcpy
    queue.o(.text) refers to port.o(.emb_text) for vPortSetInterruptMask
    system_lpc17xx.o(.text) refers to system_lpc17xx.o(.data) for SystemFrequency
    tasks.o(.text) refers to _printf_percent.o(.ARM.Collect$$_printf_percent$$00000000) for _printf_percent
    tasks.o(.text) refers to _printf_u.o(.ARM.Collect$$_printf_percent$$0000000A) for _printf_u
    tasks.o(.text) refers to _printf_c.o(.ARM.Collect$$_printf_percent$$00000013) for _printf_c
    tasks.o(.text) refers to _printf_s.o(.ARM.Collect$$_printf_percent$$00000014) for _printf_s
    tasks.o(.text) refers to _printf_dec.o(.text) for _printf_int_dec
    tasks.o(.text) refers to _printf_str.o(.text) for _printf_str
    tasks.o(.text) refers to list.o(.text) for vListInitialise
    tasks.o(.text) refers to strncpy.o(.text) for strncpy
    tasks.o(.text) refers to heap_1.o(.text) for pvPortMalloc
    tasks.o(.text) refers to aeabi_memset.o(.text) for __aeabi_memset
    tasks.o(.text) refers to port.o(.text) for pxPortInitialiseStack
    tasks.o(.text) refers to tasks.o(.bss) for pxReadyTasksLists
    tasks.o(.text) refers to tasks.o(.data) for pxDelayedTaskList
    tasks.o(.text) refers to port.o(.emb_text) for vPortSetInterruptMask
    tasks.o(.text) refers to noretval__2sprintf.o(.text) for __2sprintf
    tasks.o(.text) refers to strcat.o(.text) for strcat
    uart.o(.text) refers to ffixu.o(x$fpl$ffixu) for __aeabi_f2uiz
    uart.o(.text) refers to fflt_clz.o(x$fpl$ffltu) for __aeabi_ui2f
    uart.o(.text) refers to faddsub_clz.o(x$fpl$frsb) for __aeabi_frsub
    uart.o(.text) refers to fmul.o(x$fpl$fmul) for __aeabi_fmul
    uart.o(.text) refers to system_lpc17xx.o(.data) for SystemFrequency
    uart.o(.text) refers to d2f.o(x$fpl$d2f) for __aeabi_d2f
    __2sprintf.o(.text) refers to _printf_char_common.o(.text) for _printf_char_common
    __2sprintf.o(.text) refers to _sputc.o(.text) for _sputc
    noretval__2sprintf.o(.text) refers to _printf_char_common.o(.text) for _printf_char_common
    noretval__2sprintf.o(.text) refers to _sputc.o(.text) for _sputc
    __printf.o(.text) refers to _printf_percent.o(.ARM.Collect$$_printf_percent$$00000000) for _printf_percent
    _printf_str.o(.text) refers (Special) to _printf_char.o(.text) for _printf_cs_common
    _printf_dec.o(.text) refers to _printf_intcommon.o(.text) for _printf_int_common
    __printf_flags.o(.text) refers to _printf_percent.o(.ARM.Collect$$_printf_percent$$00000000) for _printf_percent
    __printf_flags.o(.text) refers to __printf_flags.o(.constdata) for .constdata
    __printf_ss.o(.text) refers to _printf_percent.o(.ARM.Collect$$_printf_percent$$00000000) for _printf_percent
    __printf_flags_ss.o(.text) refers to _printf_percent.o(.ARM.Collect$$_printf_percent$$00000000) for _printf_percent
    __printf_flags_ss.o(.text) refers to __printf_flags_ss.o(.constdata) for .constdata
    __printf_wp.o(.text) refers to __printf_wp.o(i._is_digit) for _is_digit
    __printf_wp.o(.text) refers to _printf_percent.o(.ARM.Collect$$_printf_percent$$00000000) for _printf_percent
    __printf_flags_wp.o(.text) refers to __printf_wp.o(i._is_digit) for _is_digit
    __printf_flags_wp.o(.text) refers to _printf_percent.o(.ARM.Collect$$_printf_percent$$00000000) for _printf_percent
    __printf_flags_wp.o(.text) refers to __printf_flags_wp.o(.constdata) for .constdata
    __printf_ss_wp.o(.text) refers to __printf_wp.o(i._is_digit) for _is_digit
    __printf_ss_wp.o(.text) refers to _printf_percent.o(.ARM.Collect$$_printf_percent$$00000000) for _printf_percent
    __printf_flags_ss_wp.o(.text) refers to __printf_wp.o(i._is_digit) for _is_digit
    __printf_flags_ss_wp.o(.text) refers to _printf_percent.o(.ARM.Collect$$_printf_percent$$00000000) for _printf_percent
    __printf_flags_ss_wp.o(.text) refers to __printf_flags_ss_wp.o(.constdata) for .constdata
    _printf_c.o(.ARM.Collect$$_printf_percent$$00000013) refers (Weak) to _printf_char.o(.text) for _printf_char
    _printf_s.o(.ARM.Collect$$_printf_percent$$00000014) refers (Weak) to _printf_char.o(.text) for _printf_string
    _printf_u.o(.ARM.Collect$$_printf_percent$$0000000A) refers (Weak) to _printf_dec.o(.text) for _printf_int_dec
    _printf_percent.o(.ARM.Collect$$_printf_percent$$00000000) refers (Special) to _printf_percent_end.o(.ARM.Collect$$_printf_percent$$00000017) for _printf_percent_end
    rt_memcpy_v6.o(.text) refers to rt_memcpy_w.o(.text) for __aeabi_memcpy4
    aeabi_memset.o(.text) refers to rt_memclr.o(.text) for _memset
    strncpy.o(.text) refers to rt_memclr.o(.text) for __aeabi_memclr
    __main.o(!!!main) refers to __rtentry.o(.ARM.Collect$$rtentry$$00000000) for __rt_entry
    d2f.o(x$fpl$d2f) refers (Special) to usenofp.o(x$fpl$usenofp) for __I$use$fp
    d2f.o(x$fpl$d2f) refers to fretinf.o(x$fpl$fretinf) for __fpl_fretinf
    d2f.o(x$fpl$d2f) refers to dnaninf.o(x$fpl$dnaninf) for __fpl_dnaninf
    faddsub_clz.o(x$fpl$fadd) refers (Special) to usenofp.o(x$fpl$usenofp) for __I$use$fp
    faddsub_clz.o(x$fpl$fadd) refers to faddsub_clz.o(x$fpl$fsub) for _fsub1
    faddsub_clz.o(x$fpl$fadd) refers to fretinf.o(x$fpl$fretinf) for __fpl_fretinf
    faddsub_clz.o(x$fpl$fadd) refers to fnaninf.o(x$fpl$fnaninf) for __fpl_fnaninf
    faddsub_clz.o(x$fpl$frsb) refers (Special) to usenofp.o(x$fpl$usenofp) for __I$use$fp
    faddsub_clz.o(x$fpl$frsb) refers to faddsub_clz.o(x$fpl$fadd) for _fadd1
    faddsub_clz.o(x$fpl$frsb) refers to faddsub_clz.o(x$fpl$fsub) for _fsub1
    faddsub_clz.o(x$fpl$fsub) refers (Special) to usenofp.o(x$fpl$usenofp) for __I$use$fp
    faddsub_clz.o(x$fpl$fsub) refers to faddsub_clz.o(x$fpl$fadd) for _fadd1
    faddsub_clz.o(x$fpl$fsub) refers to fnaninf.o(x$fpl$fnaninf) for __fpl_fnaninf
    ffixu.o(x$fpl$ffixu) refers (Special) to usenofp.o(x$fpl$usenofp) for __I$use$fp
    ffixu.o(x$fpl$ffixu) refers to fnaninf.o(x$fpl$fnaninf) for __fpl_fnaninf
    ffixu.o(x$fpl$ffixur) refers (Special) to usenofp.o(x$fpl$usenofp) for __I$use$fp
    ffixu.o(x$fpl$ffixur) refers to fnaninf.o(x$fpl$fnaninf) for __fpl_fnaninf
    fflt_clz.o(x$fpl$ffltu) refers (Special) to usenofp.o(x$fpl$usenofp) for __I$use$fp
    fflt_clz.o(x$fpl$fflt) refers (Special) to usenofp.o(x$fpl$usenofp) for __I$use$fp
    fflt_clz.o(x$fpl$ffltn) refers (Special) to usenofp.o(x$fpl$usenofp) for __I$use$fp
    fmul.o(x$fpl$fmul) refers (Special) to usenofp.o(x$fpl$usenofp) for __I$use$fp
    fmul.o(x$fpl$fmul) refers to fretinf.o(x$fpl$fretinf) for __fpl_fretinf
    fmul.o(x$fpl$fmul) refers to fnaninf.o(x$fpl$fnaninf) for __fpl_fnaninf
    __rtentry.o(.ARM.Collect$$rtentry$$00000000) refers (Special) to __rtentry2.o(.ARM.Collect$$rtentry$$0000000A) for __rt_entry_li
    __rtentry.o(.ARM.Collect$$rtentry$$00000000) refers (Special) to __rtentry2.o(.ARM.Collect$$rtentry$$0000000D) for __rt_entry_main
    __rtentry.o(.ARM.Collect$$rtentry$$00000000) refers (Special) to __rtentry2.o(.ARM.Collect$$rtentry$$0000000C) for __rt_entry_postli_1
    __rtentry.o(.ARM.Collect$$rtentry$$00000000) refers (Special) to __rtentry2.o(.ARM.Collect$$rtentry$$00000009) for __rt_entry_postsh_1
    __rtentry.o(.ARM.Collect$$rtentry$$00000000) refers (Special) to __rtentry2.o(.ARM.Collect$$rtentry$$00000002) for __rt_entry_presh_1
    __rtentry.o(.ARM.Collect$$rtentry$$00000000) refers (Special) to __rtentry4.o(.ARM.Collect$$rtentry$$00000004) for __rt_entry_sh
    _printf_char_common.o(.text) refers to __printf.o(.text) for __printf
    _printf_char.o(.text) refers (Weak) to _printf_str.o(.text) for _printf_str
    rt_memclr.o(.text) refers to rt_memclr_w.o(.text) for _memset_w
    dnaninf.o(x$fpl$dnaninf) refers (Special) to usenofp.o(x$fpl$usenofp) for __I$use$fp
    fnaninf.o(x$fpl$fnaninf) refers (Special) to usenofp.o(x$fpl$usenofp) for __I$use$fp
    fretinf.o(x$fpl$fretinf) refers (Special) to usenofp.o(x$fpl$usenofp) for __I$use$fp
    __rtentry2.o(.ARM.Collect$$rtentry$$00000008) refers to boardinit2.o(.text) for _platform_post_stackheap_init
    __rtentry2.o(.ARM.Collect$$rtentry$$0000000A) refers to libinit.o(.ARM.Collect$$libinit$$00000000) for __rt_lib_init
    __rtentry2.o(.ARM.Collect$$rtentry$$0000000B) refers to boardinit3.o(.text) for _platform_post_lib_init
    __rtentry2.o(.ARM.Collect$$rtentry$$0000000D) refers to main.o(.text) for main
    __rtentry2.o(.ARM.Collect$$rtentry$$0000000D) refers to exit.o(.text) for exit
    __rtentry2.o(.ARM.exidx) refers to __rtentry2.o(.ARM.Collect$$rtentry$$00000001) for .ARM.Collect$$rtentry$$00000001
    __rtentry2.o(.ARM.exidx) refers to __rtentry2.o(.ARM.Collect$$rtentry$$00000008) for .ARM.Collect$$rtentry$$00000008
    __rtentry2.o(.ARM.exidx) refers to __rtentry2.o(.ARM.Collect$$rtentry$$0000000A) for .ARM.Collect$$rtentry$$0000000A
    __rtentry2.o(.ARM.exidx) refers to __rtentry2.o(.ARM.Collect$$rtentry$$0000000B) for .ARM.Collect$$rtentry$$0000000B
    __rtentry2.o(.ARM.exidx) refers to __rtentry2.o(.ARM.Collect$$rtentry$$0000000D) for .ARM.Collect$$rtentry$$0000000D
    __rtentry4.o(.ARM.Collect$$rtentry$$00000004) refers to sys_stackheap_outer.o(.text) for __user_setup_stackheap
    __rtentry4.o(.ARM.exidx) refers to __rtentry4.o(.ARM.Collect$$rtentry$$00000004) for .ARM.Collect$$rtentry$$00000004
    sys_stackheap_outer.o(.text) refers to libspace.o(.text) for __user_perproc_libspace
    sys_stackheap_outer.o(.text) refers to startup_lpc17xx.o(.text) for __user_initial_stackheap
    exit.o(.text) refers to rtexit.o(.ARM.Collect$$rtexit$$00000000) for __rt_exit
    libinit.o(.ARM.Collect$$libinit$$00000000) refers (Special) to libinit2.o(.ARM.Collect$$libinit$$0000002E) for __rt_lib_init_alloca_1
    libinit.o(.ARM.Collect$$libinit$$00000000) refers (Special) to libinit2.o(.ARM.Collect$$libinit$$0000002C) for __rt_lib_init_argv_1
    libinit.o(.ARM.Collect$$libinit$$00000000) refers (Special) to libinit2.o(.ARM.Collect$$libinit$$0000001B) for __rt_lib_init_atexit_1
    libinit.o(.ARM.Collect$$libinit$$00000000) refers (Special) to libinit2.o(.ARM.Collect$$libinit$$00000021) for __rt_lib_init_clock_1
    libinit.o(.ARM.Collect$$libinit$$00000000) refers (Special) to libinit2.o(.ARM.Collect$$libinit$$00000032) for __rt_lib_init_cpp_1
    libinit.o(.ARM.Collect$$libinit$$00000000) refers (Special) to libinit2.o(.ARM.Collect$$libinit$$00000030) for __rt_lib_init_exceptions_1
    libinit.o(.ARM.Collect$$libinit$$00000000) refers (Special) to libinit2.o(.ARM.Collect$$libinit$$00000002) for __rt_lib_init_fp_1
    libinit.o(.ARM.Collect$$libinit$$00000000) refers (Special) to libinit2.o(.ARM.Collect$$libinit$$0000001F) for __rt_lib_init_fp_trap_1
    libinit.o(.ARM.Collect$$libinit$$00000000) refers (Special) to libinit2.o(.ARM.Collect$$libinit$$00000023) for __rt_lib_init_getenv_1
    libinit.o(.ARM.Collect$$libinit$$00000000) refers (Special) to libinit2.o(.ARM.Collect$$libinit$$0000000A) for __rt_lib_init_heap_1
    libinit.o(.ARM.Collect$$libinit$$00000000) refers (Special) to libinit2.o(.ARM.Collect$$libinit$$00000011) for __rt_lib_init_lc_collate_1
    libinit.o(.ARM.Collect$$libinit$$00000000) refers (Special) to libinit2.o(.ARM.Collect$$libinit$$00000013) for __rt_lib_init_lc_ctype_1
    libinit.o(.ARM.Collect$$libinit$$00000000) refers (Special) to libinit2.o(.ARM.Collect$$libinit$$00000015) for __rt_lib_init_lc_monetary_1
    libinit.o(.ARM.Collect$$libinit$$00000000) refers (Special) to libinit2.o(.ARM.Collect$$libinit$$00000017) for __rt_lib_init_lc_numeric_1
    libinit.o(.ARM.Collect$$libinit$$00000000) refers (Special) to libinit2.o(.ARM.Collect$$libinit$$00000019) for __rt_lib_init_lc_time_1
    libinit.o(.ARM.Collect$$libinit$$00000000) refers (Special) to libinit2.o(.ARM.Collect$$libinit$$00000004) for __rt_lib_init_preinit_1
    libinit.o(.ARM.Collect$$libinit$$00000000) refers (Special) to libinit2.o(.ARM.Collect$$libinit$$0000000E) for __rt_lib_init_rand_1
    libinit.o(.ARM.Collect$$libinit$$00000000) refers (Special) to libinit2.o(.ARM.Collect$$libinit$$00000033) for __rt_lib_init_return
    libinit.o(.ARM.Collect$$libinit$$00000000) refers (Special) to libinit2.o(.ARM.Collect$$libinit$$0000001D) for __rt_lib_init_signal_1
    libinit.o(.ARM.Collect$$libinit$$00000000) refers (Special) to libinit2.o(.ARM.Collect$$libinit$$00000025) for __rt_lib_init_stdio_1
    libinit.o(.ARM.Collect$$libinit$$00000000) refers (Special) to libinit2.o(.ARM.Collect$$libinit$$0000000C) for __rt_lib_init_user_alloc_1
    libspace.o(.text) refers to libspace.o(.bss) for __libspace_start
    rtexit.o(.ARM.Collect$$rtexit$$00000000) refers (Special) to rtexit2.o(.ARM.Collect$$rtexit$$00000004) for __rt_exit_exit
    rtexit.o(.ARM.Collect$$rtexit$$00000000) refers (Special) to rtexit2.o(.ARM.Collect$$rtexit$$00000003) for __rt_exit_ls
    rtexit.o(.ARM.Collect$$rtexit$$00000000) refers (Special) to rtexit2.o(.ARM.Collect$$rtexit$$00000002) for __rt_exit_prels_1
    rtexit.o(.ARM.exidx) refers (Special) to rtexit2.o(.ARM.Collect$$rtexit$$00000004) for __rt_exit_exit
    rtexit.o(.ARM.exidx) refers (Special) to rtexit2.o(.ARM.Collect$$rtexit$$00000003) for __rt_exit_ls
    rtexit.o(.ARM.exidx) refers (Special) to rtexit2.o(.ARM.Collect$$rtexit$$00000002) for __rt_exit_prels_1
    rtexit.o(.ARM.exidx) refers to rtexit.o(.ARM.Collect$$rtexit$$00000000) for .ARM.Collect$$rtexit$$00000000
    libinit2.o(.ARM.Collect$$libinit$$00000010) refers to libinit2.o(.ARM.Collect$$libinit$$0000000F) for .ARM.Collect$$libinit$$0000000F
    libinit2.o(.ARM.Collect$$libinit$$00000012) refers to libinit2.o(.ARM.Collect$$libinit$$0000000F) for .ARM.Collect$$libinit$$0000000F
    libinit2.o(.ARM.Collect$$libinit$$00000014) refers to libinit2.o(.ARM.Collect$$libinit$$0000000F) for .ARM.Collect$$libinit$$0000000F
    libinit2.o(.ARM.Collect$$libinit$$00000016) refers to libinit2.o(.ARM.Collect$$libinit$$0000000F) for .ARM.Collect$$libinit$$0000000F
    libinit2.o(.ARM.Collect$$libinit$$00000018) refers to libinit2.o(.ARM.Collect$$libinit$$0000000F) for .ARM.Collect$$libinit$$0000000F
    libinit2.o(.ARM.Collect$$libinit$$00000026) refers to argv_veneer.o(.emb_text) for __ARM_argv_veneer
    libinit2.o(.ARM.Collect$$libinit$$00000027) refers to argv_veneer.o(.emb_text) for __ARM_argv_veneer
    rtexit2.o(.ARM.Collect$$rtexit$$00000003) refers to libshutdown.o(.ARM.Collect$$libshutdown$$00000000) for __rt_lib_shutdown
    rtexit2.o(.ARM.Collect$$rtexit$$00000004) refers to sys_exit.o(.text) for _sys_exit
    rtexit2.o(.ARM.exidx) refers to rtexit2.o(.ARM.Collect$$rtexit$$00000001) for .ARM.Collect$$rtexit$$00000001
    rtexit2.o(.ARM.exidx) refers to rtexit2.o(.ARM.Collect$$rtexit$$00000003) for .ARM.Collect$$rtexit$$00000003
    rtexit2.o(.ARM.exidx) refers to rtexit2.o(.ARM.Collect$$rtexit$$00000004) for .ARM.Collect$$rtexit$$00000004
    argv_veneer.o(.emb_text) refers to no_argv.o(.text) for __ARM_get_argv
    sys_exit.o(.text) refers (Special) to use_no_semi.o(.text) for __I$use$semihosting
    sys_exit.o(.text) refers (Special) to indicate_semi.o(.text) for __semihosting_library_function
    _get_argv_nomalloc.o(.text) refers (Special) to hrguard.o(.text) for __heap_region$guard
    _get_argv_nomalloc.o(.text) refers to defsig_rtmem_outer.o(.text) for __rt_SIGRTMEM
    _get_argv_nomalloc.o(.text) refers to sys_command.o(.text) for _sys_command_string
    libshutdown.o(.ARM.Collect$$libshutdown$$00000000) refers (Special) to libshutdown2.o(.ARM.Collect$$libshutdown$$00000002) for __rt_lib_shutdown_cpp_1
    libshutdown.o(.ARM.Collect$$libshutdown$$00000000) refers (Special) to libshutdown2.o(.ARM.Collect$$libshutdown$$00000007) for __rt_lib_shutdown_fp_trap_1
    libshutdown.o(.ARM.Collect$$libshutdown$$00000000) refers (Special) to libshutdown2.o(.ARM.Collect$$libshutdown$$0000000F) for __rt_lib_shutdown_heap_1
    libshutdown.o(.ARM.Collect$$libshutdown$$00000000) refers (Special) to libshutdown2.o(.ARM.Collect$$libshutdown$$00000010) for __rt_lib_shutdown_return
    libshutdown.o(.ARM.Collect$$libshutdown$$00000000) refers (Special) to libshutdown2.o(.ARM.Collect$$libshutdown$$0000000A) for __rt_lib_shutdown_signal_1
    libshutdown.o(.ARM.Collect$$libshutdown$$00000000) refers (Special) to libshutdown2.o(.ARM.Collect$$libshutdown$$00000004) for __rt_lib_shutdown_stdio_1
    libshutdown.o(.ARM.Collect$$libshutdown$$00000000) refers (Special) to libshutdown2.o(.ARM.Collect$$libshutdown$$0000000C) for __rt_lib_shutdown_user_alloc_1
    sys_command.o(.text) refers (Special) to use_no_semi.o(.text) for __I$use$semihosting
    sys_command.o(.text) refers (Special) to indicate_semi.o(.text) for __semihosting_library_function
    defsig_rtmem_outer.o(.text) refers to defsig_rtmem_inner.o(.text) for __rt_SIGRTMEM_inner
    defsig_rtmem_outer.o(.text) refers to defsig_exit.o(.text) for __sig_exit
    defsig_rtmem_formal.o(.text) refers to rt_raise.o(.text) for __rt_raise
    rt_raise.o(.text) refers to __raise.o(.text) for __raise
    rt_raise.o(.text) refers to sys_exit.o(.text) for _sys_exit
    defsig_exit.o(.text) refers to sys_exit.o(.text) for _sys_exit
    defsig_rtmem_inner.o(.text) refers to defsig_general.o(.text) for __default_signal_display
    __raise.o(.text) refers to defsig.o(CL$$defsig) for __default_signal_handler
    defsig_general.o(.text) refers to sys_wrch.o(.text) for _ttywrch
    sys_wrch.o(.text) refers (Special) to use_no_semi.o(.text) for __I$use$semihosting
    sys_wrch.o(.text) refers (Special) to indicate_semi.o(.text) for __semihosting_library_function
    defsig.o(CL$$defsig) refers to defsig_rtmem_inner.o(.text) for __rt_SIGRTMEM_inner
    defsig_abrt_inner.o(.text) refers to defsig_general.o(.text) for __default_signal_display
    defsig_fpe_inner.o(.text) refers to defsig_general.o(.text) for __default_signal_display
    defsig_rtred_inner.o(.text) refers to defsig_general.o(.text) for __default_signal_display
    defsig_stak_inner.o(.text) refers to defsig_general.o(.text) for __default_signal_display
    defsig_pvfn_inner.o(.text) refers to defsig_general.o(.text) for __default_signal_display
    defsig_cppl_inner.o(.text) refers to defsig_general.o(.text) for __default_signal_display
    defsig_segv_inner.o(.text) refers to defsig_general.o(.text) for __default_signal_display
    defsig_other.o(.text) refers to defsig_general.o(.text) for __default_signal_display


==============================================================================

Removing Unused input sections from the image.

    Removing main.o(.rev16_text), (4 bytes).
    Removing main.o(.revsh_text), (4 bytes).
    Removing queue.o(.text), (1250 bytes).
    Removing system_lpc17xx.o(.rev16_text), (4 bytes).
    Removing system_lpc17xx.o(.revsh_text), (4 bytes).
    Removing uart.o(.rev16_text), (4 bytes).
    Removing uart.o(.revsh_text), (4 bytes).

7 unused section(s) (total 1274 bytes) removed from the image.

==============================================================================

Image Symbol Table

    Local Symbols

    Symbol Name                              Value     Ov Type        Size  Object(Section)

    ../clib/angel/boardlib.s                 0x00000000   Number         0  boardinit3.o ABSOLUTE
    ../clib/angel/boardlib.s                 0x00000000   Number         0  boardinit2.o ABSOLUTE
    ../clib/angel/boardlib.s                 0x00000000   Number         0  boardinit1.o ABSOLUTE
    ../clib/angel/boardlib.s                 0x00000000   Number         0  boardshut.o ABSOLUTE
    ../clib/angel/handlers.s                 0x00000000   Number         0  __scatter_copy.o ABSOLUTE
    ../clib/angel/handlers.s                 0x00000000   Number         0  __scatter_zi.o ABSOLUTE
    ../clib/angel/kernel.s                   0x00000000   Number         0  rtexit.o ABSOLUTE
    ../clib/angel/kernel.s                   0x00000000   Number         0  rtexit2.o ABSOLUTE
    ../clib/angel/kernel.s                   0x00000000   Number         0  __rtentry.o ABSOLUTE
    ../clib/angel/kernel.s                   0x00000000   Number         0  __rtentry2.o ABSOLUTE
    ../clib/angel/kernel.s                   0x00000000   Number         0  __rtentry4.o ABSOLUTE
    ../clib/angel/rt.s                       0x00000000   Number         0  rt_raise.o ABSOLUTE
    ../clib/angel/scatter.s                  0x00000000   Number         0  __scatter.o ABSOLUTE
    ../clib/angel/startup.s                  0x00000000   Number         0  __main.o ABSOLUTE
    ../clib/angel/sys.s                      0x00000000   Number         0  indicate_semi.o ABSOLUTE
    ../clib/angel/sys.s                      0x00000000   Number         0  use_no_semi.o ABSOLUTE
    ../clib/angel/sys.s                      0x00000000   Number         0  sys_stackheap_outer.o ABSOLUTE
    ../clib/angel/sys.s                      0x00000000   Number         0  libspace.o ABSOLUTE
    ../clib/angel/sysapp.c                   0x00000000   Number         0  sys_command.o ABSOLUTE
    ../clib/angel/sysapp.c                   0x00000000   Number         0  sys_exit.o ABSOLUTE
    ../clib/angel/sysapp.c                   0x00000000   Number         0  sys_wrch.o ABSOLUTE
    ../clib/armsys.c                         0x00000000   Number         0  argv_veneer.o ABSOLUTE
    ../clib/armsys.c                         0x00000000   Number         0  _get_argv_nomalloc.o ABSOLUTE
    ../clib/armsys.c                         0x00000000   Number         0  argv_veneer.o ABSOLUTE
    ../clib/armsys.c                         0x00000000   Number         0  no_argv.o ABSOLUTE
    ../clib/heapalloc.c                      0x00000000   Number         0  hrguard.o ABSOLUTE
    ../clib/heapaux.c                        0x00000000   Number         0  heapauxi.o ABSOLUTE
    ../clib/libinit.s                        0x00000000   Number         0  libinit2.o ABSOLUTE
    ../clib/libinit.s                        0x00000000   Number         0  libshutdown.o ABSOLUTE
    ../clib/libinit.s                        0x00000000   Number         0  libshutdown2.o ABSOLUTE
    ../clib/libinit.s                        0x00000000   Number         0  libinit.o ABSOLUTE
    ../clib/memcpset.s                       0x00000000   Number         0  rt_memclr.o ABSOLUTE
    ../clib/memcpset.s                       0x00000000   Number         0  strncpy.o ABSOLUTE
    ../clib/memcpset.s                       0x00000000   Number         0  aeabi_memset.o ABSOLUTE
    ../clib/memcpset.s                       0x00000000   Number         0  rt_memcpy_v6.o ABSOLUTE
    ../clib/memcpset.s                       0x00000000   Number         0  rt_memclr_w.o ABSOLUTE
    ../clib/memcpset.s                       0x00000000   Number         0  rt_memcpy_w.o ABSOLUTE
    ../clib/printf.c                         0x00000000   Number         0  _printf_char_common.o ABSOLUTE
    ../clib/printf.c                         0x00000000   Number         0  __printf_nopercent.o ABSOLUTE
    ../clib/printf.c                         0x00000000   Number         0  __2sprintf.o ABSOLUTE
    ../clib/printf.c                         0x00000000   Number         0  noretval__2sprintf.o ABSOLUTE
    ../clib/printf.c                         0x00000000   Number         0  __printf.o ABSOLUTE
    ../clib/printf.c                         0x00000000   Number         0  _printf_str.o ABSOLUTE
    ../clib/printf.c                         0x00000000   Number         0  _printf_dec.o ABSOLUTE
    ../clib/printf.c                         0x00000000   Number         0  __printf_flags.o ABSOLUTE
    ../clib/printf.c                         0x00000000   Number         0  _printf_char.o ABSOLUTE
    ../clib/printf.c                         0x00000000   Number         0  _sputc.o ABSOLUTE
    ../clib/printf.c                         0x00000000   Number         0  __printf_ss.o ABSOLUTE
    ../clib/printf.c                         0x00000000   Number         0  __printf_flags_ss.o ABSOLUTE
    ../clib/printf.c                         0x00000000   Number         0  _printf_intcommon.o ABSOLUTE
    ../clib/printf.c                         0x00000000   Number         0  __printf_wp.o ABSOLUTE
    ../clib/printf.c                         0x00000000   Number         0  __printf_flags_wp.o ABSOLUTE
    ../clib/printf.c                         0x00000000   Number         0  __printf_ss_wp.o ABSOLUTE
    ../clib/printf.c                         0x00000000   Number         0  __printf_flags_ss_wp.o ABSOLUTE
    ../clib/printf_percent.s                 0x00000000   Number         0  _printf_percent_end.o ABSOLUTE
    ../clib/printf_percent.s                 0x00000000   Number         0  _printf_c.o ABSOLUTE
    ../clib/printf_percent.s                 0x00000000   Number         0  _printf_s.o ABSOLUTE
    ../clib/printf_percent.s                 0x00000000   Number         0  _printf_percent.o ABSOLUTE
    ../clib/printf_percent.s                 0x00000000   Number         0  _printf_u.o ABSOLUTE
    ../clib/signal.c                         0x00000000   Number         0  defsig_cppl_inner.o ABSOLUTE
    ../clib/signal.c                         0x00000000   Number         0  defsig_rtmem_outer.o ABSOLUTE
    ../clib/signal.c                         0x00000000   Number         0  defsig_rtred_inner.o ABSOLUTE
    ../clib/signal.c                         0x00000000   Number         0  defsig_stak_inner.o ABSOLUTE
    ../clib/signal.c                         0x00000000   Number         0  __raise.o ABSOLUTE
    ../clib/signal.c                         0x00000000   Number         0  defsig_fpe_inner.o ABSOLUTE
    ../clib/signal.c                         0x00000000   Number         0  defsig_rtmem_formal.o ABSOLUTE
    ../clib/signal.c                         0x00000000   Number         0  defsig_exit.o ABSOLUTE
    ../clib/signal.c                         0x00000000   Number         0  defsig_rtmem_inner.o ABSOLUTE
    ../clib/signal.c                         0x00000000   Number         0  defsig_other.o ABSOLUTE
    ../clib/signal.c                         0x00000000   Number         0  defsig_segv_inner.o ABSOLUTE
    ../clib/signal.c                         0x00000000   Number         0  defsig_general.o ABSOLUTE
    ../clib/signal.c                         0x00000000   Number         0  defsig_abrt_inner.o ABSOLUTE
    ../clib/signal.c                         0x00000000   Number         0  defsig_pvfn_inner.o ABSOLUTE
    ../clib/signal.s                         0x00000000   Number         0  defsig.o ABSOLUTE
    ../clib/stdlib.c                         0x00000000   Number         0  exit.o ABSOLUTE
    ../clib/string.c                         0x00000000   Number         0  strcat.o ABSOLUTE
    ../fplib/d2f.s                           0x00000000   Number         0  d2f.o ABSOLUTE
    ../fplib/dnaninf.s                       0x00000000   Number         0  dnaninf.o ABSOLUTE
    ../fplib/faddsub.s                       0x00000000   Number         0  faddsub_clz.o ABSOLUTE
    ../fplib/ffixu.s                         0x00000000   Number         0  ffixu.o ABSOLUTE
    ../fplib/fflt.s                          0x00000000   Number         0  fflt_clz.o ABSOLUTE
    ../fplib/fmul.s                          0x00000000   Number         0  fmul.o ABSOLUTE
    ../fplib/fnaninf.s                       0x00000000   Number         0  fnaninf.o ABSOLUTE
    ../fplib/fpinit.s                        0x00000000   Number         0  fpinit.o ABSOLUTE
    ../fplib/fretinf.s                       0x00000000   Number         0  fretinf.o ABSOLUTE
    ../fplib/usenofp.s                       0x00000000   Number         0  usenofp.o ABSOLUTE
    dc.s                                     0x00000000   Number         0  dc.o ABSOLUTE
    heap_1.c                                 0x00000000   Number         0  heap_1.o ABSOLUTE
    list.c                                   0x00000000   Number         0  list.o ABSOLUTE
    main.c                                   0x00000000   Number         0  main.o ABSOLUTE
    main.c                                   0x00000000   Number         0  main.o ABSOLUTE
    port.c                                   0x00000000   Number         0  port.o ABSOLUTE
    port.c                                   0x00000000   Number         0  port.o ABSOLUTE
    queue.c                                  0x00000000   Number         0  queue.o ABSOLUTE
    startup_LPC17xx.s                        0x00000000   Number         0  startup_lpc17xx.o ABSOLUTE
    system_LPC17xx.c                         0x00000000   Number         0  system_lpc17xx.o ABSOLUTE
    system_LPC17xx.c                         0x00000000   Number         0  system_lpc17xx.o ABSOLUTE
    tasks.c                                  0x00000000   Number         0  tasks.o ABSOLUTE
    timers.c                                 0x00000000   Number         0  timers.o ABSOLUTE
    uart.c                                   0x00000000   Number         0  uart.o ABSOLUTE
    uart.c                                   0x00000000   Number         0  uart.o ABSOLUTE
    .ARM.__at_0x02FC                         0x000002fc   Section        4  startup_lpc17xx.o(.ARM.__at_0x02FC)
    RESET                                    0x00002000   Section      204  startup_lpc17xx.o(RESET)
    !!!main                                  0x000020cc   Section        8  __main.o(!!!main)
    !!!scatter                               0x000020d4   Section       52  __scatter.o(!!!scatter)
    !!handler_copy                           0x00002108   Section       26  __scatter_copy.o(!!handler_copy)
    !!handler_zi                             0x00002124   Section       28  __scatter_zi.o(!!handler_zi)
    .ARM.Collect$$_printf_percent$$00000000  0x00002140   Section        0  _printf_percent.o(.ARM.Collect$$_printf_percent$$00000000)
    .ARM.Collect$$_printf_percent$$0000000A  0x00002140   Section        6  _printf_u.o(.ARM.Collect$$_printf_percent$$0000000A)
    .ARM.Collect$$_printf_percent$$00000013  0x00002146   Section        6  _printf_c.o(.ARM.Collect$$_printf_percent$$00000013)
    .ARM.Collect$$_printf_percent$$00000014  0x0000214c   Section        6  _printf_s.o(.ARM.Collect$$_printf_percent$$00000014)
    .ARM.Collect$$_printf_percent$$00000017  0x00002152   Section        4  _printf_percent_end.o(.ARM.Collect$$_printf_percent$$00000017)
    .ARM.Collect$$libinit$$00000000          0x00002156   Section        2  libinit.o(.ARM.Collect$$libinit$$00000000)
    .ARM.Collect$$libinit$$00000002          0x00002158   Section        0  libinit2.o(.ARM.Collect$$libinit$$00000002)
    .ARM.Collect$$libinit$$00000004          0x00002158   Section        0  libinit2.o(.ARM.Collect$$libinit$$00000004)
    .ARM.Collect$$libinit$$0000000A          0x00002158   Section        0  libinit2.o(.ARM.Collect$$libinit$$0000000A)
    .ARM.Collect$$libinit$$0000000C          0x00002158   Section        0  libinit2.o(.ARM.Collect$$libinit$$0000000C)
    .ARM.Collect$$libinit$$0000000E          0x00002158   Section        0  libinit2.o(.ARM.Collect$$libinit$$0000000E)
    .ARM.Collect$$libinit$$00000011          0x00002158   Section        0  libinit2.o(.ARM.Collect$$libinit$$00000011)
    .ARM.Collect$$libinit$$00000013          0x00002158   Section        0  libinit2.o(.ARM.Collect$$libinit$$00000013)
    .ARM.Collect$$libinit$$00000015          0x00002158   Section        0  libinit2.o(.ARM.Collect$$libinit$$00000015)
    .ARM.Collect$$libinit$$00000017          0x00002158   Section        0  libinit2.o(.ARM.Collect$$libinit$$00000017)
    .ARM.Collect$$libinit$$00000019          0x00002158   Section        0  libinit2.o(.ARM.Collect$$libinit$$00000019)
    .ARM.Collect$$libinit$$0000001B          0x00002158   Section        0  libinit2.o(.ARM.Collect$$libinit$$0000001B)
    .ARM.Collect$$libinit$$0000001D          0x00002158   Section        0  libinit2.o(.ARM.Collect$$libinit$$0000001D)
    .ARM.Collect$$libinit$$0000001F          0x00002158   Section        0  libinit2.o(.ARM.Collect$$libinit$$0000001F)
    .ARM.Collect$$libinit$$00000021          0x00002158   Section        0  libinit2.o(.ARM.Collect$$libinit$$00000021)
    .ARM.Collect$$libinit$$00000023          0x00002158   Section        0  libinit2.o(.ARM.Collect$$libinit$$00000023)
    .ARM.Collect$$libinit$$00000025          0x00002158   Section        0  libinit2.o(.ARM.Collect$$libinit$$00000025)
    .ARM.Collect$$libinit$$0000002C          0x00002158   Section        0  libinit2.o(.ARM.Collect$$libinit$$0000002C)
    .ARM.Collect$$libinit$$0000002E          0x00002158   Section        0  libinit2.o(.ARM.Collect$$libinit$$0000002E)
    .ARM.Collect$$libinit$$00000030          0x00002158   Section        0  libinit2.o(.ARM.Collect$$libinit$$00000030)
    .ARM.Collect$$libinit$$00000032          0x00002158   Section        0  libinit2.o(.ARM.Collect$$libinit$$00000032)
    .ARM.Collect$$libinit$$00000033          0x00002158   Section        2  libinit2.o(.ARM.Collect$$libinit$$00000033)
    .ARM.Collect$$libshutdown$$00000000      0x0000215a   Section        2  libshutdown.o(.ARM.Collect$$libshutdown$$00000000)
    .ARM.Collect$$libshutdown$$00000002      0x0000215c   Section        0  libshutdown2.o(.ARM.Collect$$libshutdown$$00000002)
    .ARM.Collect$$libshutdown$$00000004      0x0000215c   Section        0  libshutdown2.o(.ARM.Collect$$libshutdown$$00000004)
    .ARM.Collect$$libshutdown$$00000007      0x0000215c   Section        0  libshutdown2.o(.ARM.Collect$$libshutdown$$00000007)
    .ARM.Collect$$libshutdown$$0000000A      0x0000215c   Section        0  libshutdown2.o(.ARM.Collect$$libshutdown$$0000000A)
    .ARM.Collect$$libshutdown$$0000000C      0x0000215c   Section        0  libshutdown2.o(.ARM.Collect$$libshutdown$$0000000C)
    .ARM.Collect$$libshutdown$$0000000F      0x0000215c   Section        0  libshutdown2.o(.ARM.Collect$$libshutdown$$0000000F)
    .ARM.Collect$$libshutdown$$00000010      0x0000215c   Section        2  libshutdown2.o(.ARM.Collect$$libshutdown$$00000010)
    .ARM.Collect$$rtentry$$00000000          0x0000215e   Section        0  __rtentry.o(.ARM.Collect$$rtentry$$00000000)
    .ARM.Collect$$rtentry$$00000002          0x0000215e   Section        0  __rtentry2.o(.ARM.Collect$$rtentry$$00000002)
    .ARM.Collect$$rtentry$$00000004          0x0000215e   Section        6  __rtentry4.o(.ARM.Collect$$rtentry$$00000004)
    .ARM.Collect$$rtentry$$00000009          0x00002164   Section        0  __rtentry2.o(.ARM.Collect$$rtentry$$00000009)
    .ARM.Collect$$rtentry$$0000000A          0x00002164   Section        4  __rtentry2.o(.ARM.Collect$$rtentry$$0000000A)
    .ARM.Collect$$rtentry$$0000000C          0x00002168   Section        0  __rtentry2.o(.ARM.Collect$$rtentry$$0000000C)
    .ARM.Collect$$rtentry$$0000000D          0x00002168   Section        8  __rtentry2.o(.ARM.Collect$$rtentry$$0000000D)
    .ARM.Collect$$rtexit$$00000000           0x00002170   Section        2  rtexit.o(.ARM.Collect$$rtexit$$00000000)
    .ARM.Collect$$rtexit$$00000002           0x00002172   Section        0  rtexit2.o(.ARM.Collect$$rtexit$$00000002)
    .ARM.Collect$$rtexit$$00000003           0x00002172   Section        4  rtexit2.o(.ARM.Collect$$rtexit$$00000003)
    .ARM.Collect$$rtexit$$00000004           0x00002176   Section        6  rtexit2.o(.ARM.Collect$$rtexit$$00000004)
    .emb_text                                0x0000217c   Section      132  port.o(.emb_text)
    .text                                    0x00002200   Section       52  startup_lpc17xx.o(.text)
    .text                                    0x00002234   Section        0  heap_1.o(.text)
    .text                                    0x000022a0   Section        0  list.o(.text)
    .text                                    0x00002334   Section        0  main.o(.text)
    MyIdleTask                               0x00002335   Thumb Code    16  main.o(.text)
    MyTask3                                  0x00002345   Thumb Code    24  main.o(.text)
    MyTask2                                  0x0000235d   Thumb Code    22  main.o(.text)
    MyTask1                                  0x00002373   Thumb Code    22  main.o(.text)
    .text                                    0x0000247c   Section        0  port.o(.text)
    prvSetupTimerInterrupt                   0x00002497   Thumb Code    16  port.o(.text)
    .text                                    0x0000252c   Section        0  system_lpc17xx.o(.text)
    .text                                    0x0000271c   Section        0  tasks.o(.text)
    prvInitialiseTaskLists                   0x0000271d   Thumb Code    70  tasks.o(.text)
    prvInitialiseTCBVariables                0x00002763   Thumb Code    68  tasks.o(.text)
    prvAllocateTCBAndStack                   0x000027a7   Thumb Code    58  tasks.o(.text)
    prvAddCurrentTaskToDelayedList           0x00002afb   Thumb Code   146  tasks.o(.text)
    prvDeleteTCB                             0x00002f2d   Thumb Code    18  tasks.o(.text)
    prvCheckTasksWaitingTermination          0x00002f3f   Thumb Code   142  tasks.o(.text)
    prvIdleTask                              0x00002fcd   Thumb Code     8  tasks.o(.text)
    usTaskCheckFreeStackSpace                0x00003047   Thumb Code    22  tasks.o(.text)
    prvListTaskWithinSingleList              0x0000305d   Thumb Code   116  tasks.o(.text)
    .text                                    0x00003344   Section        0  uart.o(.text)
    uart_GetPclk                             0x00003345   Thumb Code    58  uart.o(.text)
    .text                                    0x000037b4   Section        0  noretval__2sprintf.o(.text)
    .text                                    0x000037dc   Section        0  __printf.o(.text)
    .text                                    0x00003844   Section        0  _printf_str.o(.text)
    .text                                    0x00003898   Section        0  _printf_dec.o(.text)
    .text                                    0x00003910   Section        0  strcat.o(.text)
    .text                                    0x00003928   Section       16  aeabi_memset.o(.text)
    .text                                    0x00003938   Section       86  strncpy.o(.text)
    .text                                    0x0000398e   Section        0  heapauxi.o(.text)
    .text                                    0x00003994   Section        0  _printf_intcommon.o(.text)
    .text                                    0x00003a48   Section        0  _printf_char_common.o(.text)
    _printf_input_char                       0x00003a49   Thumb Code    10  _printf_char_common.o(.text)
    .text                                    0x00003a78   Section        0  _sputc.o(.text)
    .text                                    0x00003a82   Section        0  _printf_char.o(.text)
    .text                                    0x00003aae   Section       68  rt_memclr.o(.text)
    .text                                    0x00003af2   Section       78  rt_memclr_w.o(.text)
    .text                                    0x00003b40   Section       74  sys_stackheap_outer.o(.text)
    .text                                    0x00003b8a   Section        0  exit.o(.text)
    .text                                    0x00003b9c   Section        8  libspace.o(.text)
    .text                                    0x00003ba4   Section        0  sys_exit.o(.text)
    .text                                    0x00003bb0   Section        2  use_no_semi.o(.text)
    .text                                    0x00003bb2   Section        0  indicate_semi.o(.text)
    x$fpl$d2f                                0x00003bb4   Section       98  d2f.o(x$fpl$d2f)
    x$fpl$dnaninf                            0x00003c16   Section      156  dnaninf.o(x$fpl$dnaninf)
    x$fpl$fadd                               0x00003cb4   Section      196  faddsub_clz.o(x$fpl$fadd)
    _fadd1                                   0x00003cc3   Thumb Code     0  faddsub_clz.o(x$fpl$fadd)
    x$fpl$ffixu                              0x00003d78   Section       62  ffixu.o(x$fpl$ffixu)
    x$fpl$ffltu                              0x00003db8   Section       38  fflt_clz.o(x$fpl$ffltu)
    x$fpl$fmul                               0x00003de0   Section      258  fmul.o(x$fpl$fmul)
    x$fpl$fnaninf                            0x00003ee2   Section      140  fnaninf.o(x$fpl$fnaninf)
    x$fpl$fretinf                            0x00003f6e   Section       10  fretinf.o(x$fpl$fretinf)
    x$fpl$frsb                               0x00003f78   Section       20  faddsub_clz.o(x$fpl$frsb)
    x$fpl$fsub                               0x00003f8c   Section      234  faddsub_clz.o(x$fpl$fsub)
    _fsub1                                   0x00003f9b   Thumb Code     0  faddsub_clz.o(x$fpl$fsub)
    x$fpl$usenofp                            0x00004076   Section        0  usenofp.o(x$fpl$usenofp)
    .data                                    0x10000000   Section        4  heap_1.o(.data)
    xNextFreeByte                            0x10000000   Data           4  heap_1.o(.data)
    .data                                    0x10000004   Section        4  port.o(.data)
    uxCriticalNesting                        0x10000004   Data           4  port.o(.data)
    .data                                    0x10000008   Section        4  system_lpc17xx.o(.data)
    .data                                    0x1000000c   Section       60  tasks.o(.data)
    pxDelayedTaskList                        0x10000010   Data           4  tasks.o(.data)
    pxOverflowDelayedTaskList                0x10000014   Data           4  tasks.o(.data)
    uxTasksDeleted                           0x10000018   Data           4  tasks.o(.data)
    uxCurrentNumberOfTasks                   0x1000001c   Data           4  tasks.o(.data)
    xTickCount                               0x10000020   Data           4  tasks.o(.data)
    uxTopUsedPriority                        0x10000024   Data           4  tasks.o(.data)
    uxTopReadyPriority                       0x10000028   Data           4  tasks.o(.data)
    xSchedulerRunning                        0x1000002c   Data           4  tasks.o(.data)
    uxSchedulerSuspended                     0x10000030   Data           4  tasks.o(.data)
    uxMissedTicks                            0x10000034   Data           4  tasks.o(.data)
    xMissedYield                             0x10000038   Data           4  tasks.o(.data)
    xNumOfOverflows                          0x1000003c   Data           4  tasks.o(.data)
    uxTaskNumber                             0x10000040   Data           4  tasks.o(.data)
    xNextTaskUnblockTime                     0x10000044   Data           4  tasks.o(.data)
    .bss                                     0x10000048   Section     4096  heap_1.o(.bss)
    xHeap                                    0x10000048   Data        4096  heap_1.o(.bss)
    .bss                                     0x10001048   Section      242  tasks.o(.bss)
    pxReadyTasksLists                        0x10001048   Data         100  tasks.o(.bss)
    xDelayedTaskList1                        0x100010ac   Data          20  tasks.o(.bss)
    xDelayedTaskList2                        0x100010c0   Data          20  tasks.o(.bss)
    xPendingReadyList                        0x100010d4   Data          20  tasks.o(.bss)
    xTasksWaitingTermination                 0x100010e8   Data          20  tasks.o(.bss)
    xSuspendedTaskList                       0x100010fc   Data          20  tasks.o(.bss)
    pcStatusString                           0x10001110   Data          42  tasks.o(.bss)
    .bss                                     0x1000113c   Section       96  libspace.o(.bss)
    HEAP                                     0x100011a0   Section        0  startup_lpc17xx.o(HEAP)
    STACK                                    0x100011a0   Section      512  startup_lpc17xx.o(STACK)
    Heap_Mem                                 0x100011a0   Data           0  startup_lpc17xx.o(HEAP)
    Stack_Mem                                0x100011a0   Data         512  startup_lpc17xx.o(STACK)
    __initial_sp                             0x100013a0   Data           0  startup_lpc17xx.o(STACK)

    Global Symbols

    Symbol Name                              Value     Ov Type        Size  Object(Section)

    BuildAttributes$$THM_ISAv4$P$D$K$B$S$PE$A:L22UL41UL21$X:L11$S22US41US21$IEEE1$IW$USESV6$~STKCKD$USESV7$~SHL$OSPACE$ROPI$EBA8$UX$STANDARDLIB$REQ8$PRES8$EABIv2 0x00000000   Number         0  anon$$obj.o ABSOLUTE
    __ARM_use_no_argv                        0x00000000   Number         0  main.o ABSOLUTE
    __ARM_exceptions_init                     - Undefined Weak Reference
    __alloca_initialize                       - Undefined Weak Reference
    __arm_preinit_                            - Undefined Weak Reference
    __cpp_initialize__aeabi_                  - Undefined Weak Reference
    __cxa_finalize                            - Undefined Weak Reference
    __rt_locale                               - Undefined Weak Reference
    __sigvec_lookup                           - Undefined Weak Reference
    _atexit_init                              - Undefined Weak Reference
    _call_atexit_fns                          - Undefined Weak Reference
    _clock_init                               - Undefined Weak Reference
    _fp_trap_init                             - Undefined Weak Reference
    _fp_trap_shutdown                         - Undefined Weak Reference
    _get_lc_collate                           - Undefined Weak Reference
    _get_lc_ctype                             - Undefined Weak Reference
    _get_lc_monetary                          - Undefined Weak Reference
    _get_lc_numeric                           - Undefined Weak Reference
    _get_lc_time                              - Undefined Weak Reference
    _getenv_init                              - Undefined Weak Reference
    _handle_redirection                       - Undefined Weak Reference
    _init_alloc                               - Undefined Weak Reference
    _init_user_alloc                          - Undefined Weak Reference
    _initio                                   - Undefined Weak Reference
    _printf_mbtowc                            - Undefined Weak Reference
    _printf_post_padding                      - Undefined Weak Reference
    _printf_pre_padding                       - Undefined Weak Reference
    _printf_truncate_signed                   - Undefined Weak Reference
    _printf_truncate_unsigned                 - Undefined Weak Reference
    _rand_init                                - Undefined Weak Reference
    _signal_finish                            - Undefined Weak Reference
    _signal_init                              - Undefined Weak Reference
    _terminate_alloc                          - Undefined Weak Reference
    _terminate_user_alloc                     - Undefined Weak Reference
    _terminateio                              - Undefined Weak Reference
    __Vectors                                0x00002000   Data           4  startup_lpc17xx.o(RESET)
    __main                                   0x000020cd   Thumb Code     8  __main.o(!!!main)
    __scatterload                            0x000020d5   Thumb Code     0  __scatter.o(!!!scatter)
    __scatterload_rt2                        0x000020d5   Thumb Code    44  __scatter.o(!!!scatter)
    __scatterload_rt2_thumb_only             0x000020d5   Thumb Code     0  __scatter.o(!!!scatter)
    __scatterload_null                       0x000020e3   Thumb Code     0  __scatter.o(!!!scatter)
    __scatterload_copy                       0x00002109   Thumb Code    26  __scatter_copy.o(!!handler_copy)
    __scatterload_zeroinit                   0x00002125   Thumb Code    28  __scatter_zi.o(!!handler_zi)
    _printf_percent                          0x00002141   Thumb Code     0  _printf_percent.o(.ARM.Collect$$_printf_percent$$00000000)
    _printf_u                                0x00002141   Thumb Code     0  _printf_u.o(.ARM.Collect$$_printf_percent$$0000000A)
    _printf_c                                0x00002147   Thumb Code     0  _printf_c.o(.ARM.Collect$$_printf_percent$$00000013)
    _printf_s                                0x0000214d   Thumb Code     0  _printf_s.o(.ARM.Collect$$_printf_percent$$00000014)
    _printf_percent_end                      0x00002153   Thumb Code     0  _printf_percent_end.o(.ARM.Collect$$_printf_percent$$00000017)
    __rt_lib_init                            0x00002157   Thumb Code     0  libinit.o(.ARM.Collect$$libinit$$00000000)
    __rt_lib_init_alloca_1                   0x00002159   Thumb Code     0  libinit2.o(.ARM.Collect$$libinit$$0000002E)
    __rt_lib_init_argv_1                     0x00002159   Thumb Code     0  libinit2.o(.ARM.Collect$$libinit$$0000002C)
    __rt_lib_init_atexit_1                   0x00002159   Thumb Code     0  libinit2.o(.ARM.Collect$$libinit$$0000001B)
    __rt_lib_init_clock_1                    0x00002159   Thumb Code     0  libinit2.o(.ARM.Collect$$libinit$$00000021)
    __rt_lib_init_cpp_1                      0x00002159   Thumb Code     0  libinit2.o(.ARM.Collect$$libinit$$00000032)
    __rt_lib_init_exceptions_1               0x00002159   Thumb Code     0  libinit2.o(.ARM.Collect$$libinit$$00000030)
    __rt_lib_init_fp_1                       0x00002159   Thumb Code     0  libinit2.o(.ARM.Collect$$libinit$$00000002)
    __rt_lib_init_fp_trap_1                  0x00002159   Thumb Code     0  libinit2.o(.ARM.Collect$$libinit$$0000001F)
    __rt_lib_init_getenv_1                   0x00002159   Thumb Code     0  libinit2.o(.ARM.Collect$$libinit$$00000023)
    __rt_lib_init_heap_1                     0x00002159   Thumb Code     0  libinit2.o(.ARM.Collect$$libinit$$0000000A)
    __rt_lib_init_lc_collate_1               0x00002159   Thumb Code     0  libinit2.o(.ARM.Collect$$libinit$$00000011)
    __rt_lib_init_lc_ctype_1                 0x00002159   Thumb Code     0  libinit2.o(.ARM.Collect$$libinit$$00000013)
    __rt_lib_init_lc_monetary_1              0x00002159   Thumb Code     0  libinit2.o(.ARM.Collect$$libinit$$00000015)
    __rt_lib_init_lc_numeric_1               0x00002159   Thumb Code     0  libinit2.o(.ARM.Collect$$libinit$$00000017)
    __rt_lib_init_lc_time_1                  0x00002159   Thumb Code     0  libinit2.o(.ARM.Collect$$libinit$$00000019)
    __rt_lib_init_preinit_1                  0x00002159   Thumb Code     0  libinit2.o(.ARM.Collect$$libinit$$00000004)
    __rt_lib_init_rand_1                     0x00002159   Thumb Code     0  libinit2.o(.ARM.Collect$$libinit$$0000000E)
    __rt_lib_init_return                     0x00002159   Thumb Code     0  libinit2.o(.ARM.Collect$$libinit$$00000033)
    __rt_lib_init_signal_1                   0x00002159   Thumb Code     0  libinit2.o(.ARM.Collect$$libinit$$0000001D)
    __rt_lib_init_stdio_1                    0x00002159   Thumb Code     0  libinit2.o(.ARM.Collect$$libinit$$00000025)
    __rt_lib_init_user_alloc_1               0x00002159   Thumb Code     0  libinit2.o(.ARM.Collect$$libinit$$0000000C)
    __rt_lib_shutdown                        0x0000215b   Thumb Code     0  libshutdown.o(.ARM.Collect$$libshutdown$$00000000)
    __rt_lib_shutdown_cpp_1                  0x0000215d   Thumb Code     0  libshutdown2.o(.ARM.Collect$$libshutdown$$00000002)
    __rt_lib_shutdown_fp_trap_1              0x0000215d   Thumb Code     0  libshutdown2.o(.ARM.Collect$$libshutdown$$00000007)
    __rt_lib_shutdown_heap_1                 0x0000215d   Thumb Code     0  libshutdown2.o(.ARM.Collect$$libshutdown$$0000000F)
    __rt_lib_shutdown_return                 0x0000215d   Thumb Code     0  libshutdown2.o(.ARM.Collect$$libshutdown$$00000010)
    __rt_lib_shutdown_signal_1               0x0000215d   Thumb Code     0  libshutdown2.o(.ARM.Collect$$libshutdown$$0000000A)
    __rt_lib_shutdown_stdio_1                0x0000215d   Thumb Code     0  libshutdown2.o(.ARM.Collect$$libshutdown$$00000004)
    __rt_lib_shutdown_user_alloc_1           0x0000215d   Thumb Code     0  libshutdown2.o(.ARM.Collect$$libshutdown$$0000000C)
    __rt_entry                               0x0000215f   Thumb Code     0  __rtentry.o(.ARM.Collect$$rtentry$$00000000)
    __rt_entry_presh_1                       0x0000215f   Thumb Code     0  __rtentry2.o(.ARM.Collect$$rtentry$$00000002)
    __rt_entry_sh                            0x0000215f   Thumb Code     0  __rtentry4.o(.ARM.Collect$$rtentry$$00000004)
    __rt_entry_li                            0x00002165   Thumb Code     0  __rtentry2.o(.ARM.Collect$$rtentry$$0000000A)
    __rt_entry_postsh_1                      0x00002165   Thumb Code     0  __rtentry2.o(.ARM.Collect$$rtentry$$00000009)
    __rt_entry_main                          0x00002169   Thumb Code     0  __rtentry2.o(.ARM.Collect$$rtentry$$0000000D)
    __rt_entry_postli_1                      0x00002169   Thumb Code     0  __rtentry2.o(.ARM.Collect$$rtentry$$0000000C)
    __rt_exit                                0x00002171   Thumb Code     0  rtexit.o(.ARM.Collect$$rtexit$$00000000)
    __rt_exit_ls                             0x00002173   Thumb Code     0  rtexit2.o(.ARM.Collect$$rtexit$$00000003)
    __rt_exit_prels_1                        0x00002173   Thumb Code     0  rtexit2.o(.ARM.Collect$$rtexit$$00000002)
    __rt_exit_exit                           0x00002177   Thumb Code     0  rtexit2.o(.ARM.Collect$$rtexit$$00000004)
    vPortSVCHandler                          0x0000217d   Thumb Code    28  port.o(.emb_text)
    vPortStartFirstTask                      0x0000219d   Thumb Code    16  port.o(.emb_text)
    xPortPendSVHandler                       0x000021b1   Thumb Code    56  port.o(.emb_text)
    vPortSetInterruptMask                    0x000021ed   Thumb Code    10  port.o(.emb_text)
    vPortClearInterruptMask                  0x000021f7   Thumb Code    10  port.o(.emb_text)
    Reset_Handler                            0x00002201   Thumb Code     4  startup_lpc17xx.o(.text)
    NMI_Handler                              0x00002205   Thumb Code     2  startup_lpc17xx.o(.text)
    HardFault_Handler                        0x00002207   Thumb Code     2  startup_lpc17xx.o(.text)
    MemManage_Handler                        0x00002209   Thumb Code     2  startup_lpc17xx.o(.text)
    BusFault_Handler                         0x0000220b   Thumb Code     2  startup_lpc17xx.o(.text)
    UsageFault_Handler                       0x0000220d   Thumb Code     2  startup_lpc17xx.o(.text)
    SVC_Handler                              0x0000220f   Thumb Code     2  startup_lpc17xx.o(.text)
    DebugMon_Handler                         0x00002211   Thumb Code     2  startup_lpc17xx.o(.text)
    PendSV_Handler                           0x00002213   Thumb Code     2  startup_lpc17xx.o(.text)
    SysTick_Handler                          0x00002215   Thumb Code     2  startup_lpc17xx.o(.text)
    ADC_IRQHandler                           0x00002217   Thumb Code     0  startup_lpc17xx.o(.text)
    BOD_IRQHandler                           0x00002217   Thumb Code     0  startup_lpc17xx.o(.text)
    CANActivity_IRQHandler                   0x00002217   Thumb Code     0  startup_lpc17xx.o(.text)
    CAN_IRQHandler                           0x00002217   Thumb Code     0  startup_lpc17xx.o(.text)
    DMA_IRQHandler                           0x00002217   Thumb Code     0  startup_lpc17xx.o(.text)
    EINT0_IRQHandler                         0x00002217   Thumb Code     0  startup_lpc17xx.o(.text)
    EINT1_IRQHandler                         0x00002217   Thumb Code     0  startup_lpc17xx.o(.text)
    EINT2_IRQHandler                         0x00002217   Thumb Code     0  startup_lpc17xx.o(.text)
    EINT3_IRQHandler                         0x00002217   Thumb Code     0  startup_lpc17xx.o(.text)
    ENET_IRQHandler                          0x00002217   Thumb Code     0  startup_lpc17xx.o(.text)
    I2C0_IRQHandler                          0x00002217   Thumb Code     0  startup_lpc17xx.o(.text)
    I2C1_IRQHandler                          0x00002217   Thumb Code     0  startup_lpc17xx.o(.text)
    I2C2_IRQHandler                          0x00002217   Thumb Code     0  startup_lpc17xx.o(.text)
    I2S_IRQHandler                           0x00002217   Thumb Code     0  startup_lpc17xx.o(.text)
    MCPWM_IRQHandler                         0x00002217   Thumb Code     0  startup_lpc17xx.o(.text)
    PLL0_IRQHandler                          0x00002217   Thumb Code     0  startup_lpc17xx.o(.text)
    PLL1_IRQHandler                          0x00002217   Thumb Code     0  startup_lpc17xx.o(.text)
    PWM1_IRQHandler                          0x00002217   Thumb Code     0  startup_lpc17xx.o(.text)
    QEI_IRQHandler                           0x00002217   Thumb Code     0  startup_lpc17xx.o(.text)
    RIT_IRQHandler                           0x00002217   Thumb Code     0  startup_lpc17xx.o(.text)
    RTC_IRQHandler                           0x00002217   Thumb Code     0  startup_lpc17xx.o(.text)
    SPI_IRQHandler                           0x00002217   Thumb Code     0  startup_lpc17xx.o(.text)
    SSP0_IRQHandler                          0x00002217   Thumb Code     0  startup_lpc17xx.o(.text)
    SSP1_IRQHandler                          0x00002217   Thumb Code     0  startup_lpc17xx.o(.text)
    TIMER0_IRQHandler                        0x00002217   Thumb Code     0  startup_lpc17xx.o(.text)
    TIMER1_IRQHandler                        0x00002217   Thumb Code     0  startup_lpc17xx.o(.text)
    TIMER2_IRQHandler                        0x00002217   Thumb Code     0  startup_lpc17xx.o(.text)
    TIMER3_IRQHandler                        0x00002217   Thumb Code     0  startup_lpc17xx.o(.text)
    UART0_IRQHandler                         0x00002217   Thumb Code     0  startup_lpc17xx.o(.text)
    UART1_IRQHandler                         0x00002217   Thumb Code     0  startup_lpc17xx.o(.text)
    UART2_IRQHandler                         0x00002217   Thumb Code     0  startup_lpc17xx.o(.text)
    UART3_IRQHandler                         0x00002217   Thumb Code     0  startup_lpc17xx.o(.text)
    USBActivity_IRQHandler                   0x00002217   Thumb Code     0  startup_lpc17xx.o(.text)
    USB_IRQHandler                           0x00002217   Thumb Code     0  startup_lpc17xx.o(.text)
    WDT_IRQHandler                           0x00002217   Thumb Code     0  startup_lpc17xx.o(.text)
    __user_initial_stackheap                 0x00002219   Thumb Code     0  startup_lpc17xx.o(.text)
    pvPortMalloc                             0x00002235   Thumb Code    78  heap_1.o(.text)
    vPortFree                                0x00002283   Thumb Code     2  heap_1.o(.text)
    vPortInitialiseBlocks                    0x00002285   Thumb Code     8  heap_1.o(.text)
    xPortGetFreeHeapSize                     0x0000228d   Thumb Code    10  heap_1.o(.text)
    vListInitialise                          0x000022a1   Thumb Code    26  list.o(.text)
    vListInitialiseItem                      0x000022bb   Thumb Code     6  list.o(.text)
    vListInsertEnd                           0x000022c1   Thumb Code    28  list.o(.text)
    vListInsert                              0x000022dd   Thumb Code    52  list.o(.text)
    vListRemove                              0x00002311   Thumb Code    36  list.o(.text)
    main                                     0x00002389   Thumb Code   130  main.o(.text)
    pxPortInitialiseStack                    0x0000247d   Thumb Code    26  port.o(.text)
    xPortStartScheduler                      0x000024a7   Thumb Code    42  port.o(.text)
    vPortEndScheduler                        0x000024d1   Thumb Code     2  port.o(.text)
    vPortYieldFromISR                        0x000024d3   Thumb Code    12  port.o(.text)
    vPortEnterCritical                       0x000024df   Thumb Code    18  port.o(.text)
    vPortExitCritical                        0x000024f1   Thumb Code    24  port.o(.text)
    xPortSysTickHandler                      0x00002509   Thumb Code    28  port.o(.text)
    SystemInit                               0x0000252d   Thumb Code   468  system_lpc17xx.o(.text)
    xTaskGenericCreate                       0x000027e1   Thumb Code   248  tasks.o(.text)
    vTaskDelete                              0x000028d9   Thumb Code   126  tasks.o(.text)
    vTaskIncrementTick                       0x00002957   Thumb Code   230  tasks.o(.text)
    xTaskResumeAll                           0x00002a3d   Thumb Code   190  tasks.o(.text)
    vTaskSuspendAll                          0x00002b8d   Thumb Code    12  tasks.o(.text)
    vTaskDelayUntil                          0x00002b99   Thumb Code   148  tasks.o(.text)
    vTaskDelay                               0x00002c2d   Thumb Code    88  tasks.o(.text)
    uxTaskPriorityGet                        0x00002c85   Thumb Code    30  tasks.o(.text)
    vTaskPrioritySet                         0x00002ca3   Thumb Code   178  tasks.o(.text)
    vTaskSwitchContext                       0x00002d55   Thumb Code    70  tasks.o(.text)
    vTaskSuspend                             0x00002d9b   Thumb Code   132  tasks.o(.text)
    xTaskIsTaskSuspended                     0x00002e1f   Thumb Code    60  tasks.o(.text)
    vTaskResume                              0x00002e5b   Thumb Code    94  tasks.o(.text)
    xTaskResumeFromISR                       0x00002eb9   Thumb Code   116  tasks.o(.text)
    vTaskStartScheduler                      0x00002fd5   Thumb Code    52  tasks.o(.text)
    vTaskEndScheduler                        0x00003009   Thumb Code    18  tasks.o(.text)
    xTaskGetTickCount                        0x0000301b   Thumb Code    18  tasks.o(.text)
    xTaskGetTickCountFromISR                 0x0000302d   Thumb Code    20  tasks.o(.text)
    uxTaskGetNumberOfTasks                   0x00003041   Thumb Code     6  tasks.o(.text)
    vTaskList                                0x000030d1   Thumb Code   182  tasks.o(.text)
    vTaskPlaceOnEventList                    0x00003187   Thumb Code   100  tasks.o(.text)
    xTaskRemoveFromEventList                 0x000031eb   Thumb Code    98  tasks.o(.text)
    vTaskSetTimeOutState                     0x0000324d   Thumb Code    14  tasks.o(.text)
    xTaskCheckForTimeOut                     0x0000325b   Thumb Code    92  tasks.o(.text)
    vTaskMissedYield                         0x000032b7   Thumb Code     8  tasks.o(.text)
    uxTaskGetTaskNumber                      0x000032bf   Thumb Code    14  tasks.o(.text)
    vTaskSetTaskNumber                       0x000032cd   Thumb Code     8  tasks.o(.text)
    xTaskGetCurrentTaskHandle                0x000032d5   Thumb Code     6  tasks.o(.text)
    UART_SetBaudRate                         0x0000337f   Thumb Code    48  uart.o(.text)
    UART_Init                                0x000033af   Thumb Code    56  uart.o(.text)
    UART_RxChar                              0x000033e7   Thumb Code    20  uart.o(.text)
    UART_TxChar                              0x000033fb   Thumb Code    20  uart.o(.text)
    UART_TxString                            0x0000340f   Thumb Code    22  uart.o(.text)
    UART_RxString                            0x00003425   Thumb Code    42  uart.o(.text)
    UART_TxDecimalNumber                     0x0000344f   Thumb Code   118  uart.o(.text)
    UART_TxHexNumber                         0x000034c5   Thumb Code   124  uart.o(.text)
    UART_TxBinaryNumber                      0x00003541   Thumb Code    48  uart.o(.text)
    UART_TxFloatNumber                       0x00003571   Thumb Code    68  uart.o(.text)
    UART_Printf                              0x000035b5   Thumb Code   510  uart.o(.text)
    __2sprintf                               0x000037b5   Thumb Code    34  noretval__2sprintf.o(.text)
    __printf                                 0x000037dd   Thumb Code   104  __printf.o(.text)
    _printf_str                              0x00003845   Thumb Code    82  _printf_str.o(.text)
    _printf_int_dec                          0x00003899   Thumb Code   104  _printf_dec.o(.text)
    strcat                                   0x00003911   Thumb Code    24  strcat.o(.text)
    __aeabi_memset                           0x00003929   Thumb Code    16  aeabi_memset.o(.text)
    strncpy                                  0x00003939   Thumb Code    86  strncpy.o(.text)
    __use_two_region_memory                  0x0000398f   Thumb Code     2  heapauxi.o(.text)
    __rt_heap_escrow$2region                 0x00003991   Thumb Code     2  heapauxi.o(.text)
    __rt_heap_expand$2region                 0x00003993   Thumb Code     2  heapauxi.o(.text)
    _printf_int_common                       0x00003995   Thumb Code   178  _printf_intcommon.o(.text)
    _printf_char_common                      0x00003a53   Thumb Code    32  _printf_char_common.o(.text)
    _sputc                                   0x00003a79   Thumb Code    10  _sputc.o(.text)
    _printf_cs_common                        0x00003a83   Thumb Code    20  _printf_char.o(.text)
    _printf_char                             0x00003a97   Thumb Code    16  _printf_char.o(.text)
    _printf_string                           0x00003aa7   Thumb Code     8  _printf_char.o(.text)
    __aeabi_memclr                           0x00003aaf   Thumb Code     0  rt_memclr.o(.text)
    __rt_memclr                              0x00003aaf   Thumb Code    68  rt_memclr.o(.text)
    _memset                                  0x00003ab3   Thumb Code     0  rt_memclr.o(.text)
    __aeabi_memclr4                          0x00003af3   Thumb Code     0  rt_memclr_w.o(.text)
    __aeabi_memclr8                          0x00003af3   Thumb Code     0  rt_memclr_w.o(.text)
    __rt_memclr_w                            0x00003af3   Thumb Code    78  rt_memclr_w.o(.text)
    _memset_w                                0x00003af7   Thumb Code     0  rt_memclr_w.o(.text)
    __user_setup_stackheap                   0x00003b41   Thumb Code    74  sys_stackheap_outer.o(.text)
    exit                                     0x00003b8b   Thumb Code    18  exit.o(.text)
    __user_libspace                          0x00003b9d   Thumb Code     8  libspace.o(.text)
    __user_perproc_libspace                  0x00003b9d   Thumb Code     0  libspace.o(.text)
    __user_perthread_libspace                0x00003b9d   Thumb Code     0  libspace.o(.text)
    _sys_exit                                0x00003ba5   Thumb Code     8  sys_exit.o(.text)
    __I$use$semihosting                      0x00003bb1   Thumb Code     0  use_no_semi.o(.text)
    __use_no_semihosting_swi                 0x00003bb1   Thumb Code     2  use_no_semi.o(.text)
    __semihosting_library_function           0x00003bb3   Thumb Code     0  indicate_semi.o(.text)
    __aeabi_d2f                              0x00003bb5   Thumb Code     0  d2f.o(x$fpl$d2f)
    _d2f                                     0x00003bb5   Thumb Code    98  d2f.o(x$fpl$d2f)
    __fpl_dnaninf                            0x00003c17   Thumb Code   156  dnaninf.o(x$fpl$dnaninf)
    __aeabi_fadd                             0x00003cb5   Thumb Code     0  faddsub_clz.o(x$fpl$fadd)
    _fadd                                    0x00003cb5   Thumb Code   196  faddsub_clz.o(x$fpl$fadd)
    __aeabi_f2uiz                            0x00003d79   Thumb Code     0  ffixu.o(x$fpl$ffixu)
    _ffixu                                   0x00003d79   Thumb Code    62  ffixu.o(x$fpl$ffixu)
    __aeabi_ui2f                             0x00003db9   Thumb Code     0  fflt_clz.o(x$fpl$ffltu)
    _ffltu                                   0x00003db9   Thumb Code    38  fflt_clz.o(x$fpl$ffltu)
    __aeabi_fmul                             0x00003de1   Thumb Code     0  fmul.o(x$fpl$fmul)
    _fmul                                    0x00003de1   Thumb Code   258  fmul.o(x$fpl$fmul)
    __fpl_fnaninf                            0x00003ee3   Thumb Code   140  fnaninf.o(x$fpl$fnaninf)
    __fpl_fretinf                            0x00003f6f   Thumb Code    10  fretinf.o(x$fpl$fretinf)
    __aeabi_frsub                            0x00003f79   Thumb Code     0  faddsub_clz.o(x$fpl$frsb)
    _frsb                                    0x00003f79   Thumb Code    20  faddsub_clz.o(x$fpl$frsb)
    __aeabi_fsub                             0x00003f8d   Thumb Code     0  faddsub_clz.o(x$fpl$fsub)
    _fsub                                    0x00003f8d   Thumb Code   234  faddsub_clz.o(x$fpl$fsub)
    __I$use$fp                               0x00004076   Number         0  usenofp.o(x$fpl$usenofp)
    Region$$Table$$Base                      0x00004078   Number         0  anon$$obj.o(Region$$Table)
    Region$$Table$$Limit                     0x00004098   Number         0  anon$$obj.o(Region$$Table)
    SystemFrequency                          0x10000008   Data           4  system_lpc17xx.o(.data)
    pxCurrentTCB                             0x1000000c   Data           4  tasks.o(.data)
    __libspace_start                         0x1000113c   Data          96  libspace.o(.bss)
    __temporary_stack_top$libspace           0x1000119c   Data           0  libspace.o(.bss)



==============================================================================

Memory Map of the image

  Image Entry point : 0x000020cd

  Load Region LR_IROM1 (Base: 0x00002000, Size: 0x000020e0, Max: 0x00004000, ABSOLUTE)

    Execution Region ER_IROM1 (Exec base: 0x00002000, Load base: 0x00002000, Size: 0x00002098, Max: 0x00004000, ABSOLUTE)

    Exec Addr    Load Addr    Size         Type   Attr      Idx    E Section Name        Object

    0x00002000   0x00002000   0x000000cc   Data   RO            3    RESET               startup_lpc17xx.o
    0x000020cc   0x000020cc   0x00000008   Code   RO          303  * !!!main             c_w.l(__main.o)
    0x000020d4   0x000020d4   0x00000034   Code   RO          504    !!!scatter          c_w.l(__scatter.o)
    0x00002108   0x00002108   0x0000001a   Code   RO          506    !!handler_copy      c_w.l(__scatter_copy.o)
    0x00002122   0x00002122   0x00000002   PAD
    0x00002124   0x00002124   0x0000001c   Code   RO          508    !!handler_zi        c_w.l(__scatter_zi.o)
    0x00002140   0x00002140   0x00000000   Code   RO          292    .ARM.Collect$$_printf_percent$$00000000  c_w.l(_printf_percent.o)
    0x00002140   0x00002140   0x00000006   Code   RO          291    .ARM.Collect$$_printf_percent$$0000000A  c_w.l(_printf_u.o)
    0x00002146   0x00002146   0x00000006   Code   RO          289    .ARM.Collect$$_printf_percent$$00000013  c_w.l(_printf_c.o)
    0x0000214c   0x0000214c   0x00000006   Code   RO          290    .ARM.Collect$$_printf_percent$$00000014  c_w.l(_printf_s.o)
    0x00002152   0x00002152   0x00000004   Code   RO          334    .ARM.Collect$$_printf_percent$$00000017  c_w.l(_printf_percent_end.o)
    0x00002156   0x00002156   0x00000002   Code   RO          374    .ARM.Collect$$libinit$$00000000  c_w.l(libinit.o)
    0x00002158   0x00002158   0x00000000   Code   RO          381    .ARM.Collect$$libinit$$00000002  c_w.l(libinit2.o)
    0x00002158   0x00002158   0x00000000   Code   RO          383    .ARM.Collect$$libinit$$00000004  c_w.l(libinit2.o)
    0x00002158   0x00002158   0x00000000   Code   RO          386    .ARM.Collect$$libinit$$0000000A  c_w.l(libinit2.o)
    0x00002158   0x00002158   0x00000000   Code   RO          388    .ARM.Collect$$libinit$$0000000C  c_w.l(libinit2.o)
    0x00002158   0x00002158   0x00000000   Code   RO          390    .ARM.Collect$$libinit$$0000000E  c_w.l(libinit2.o)
    0x00002158   0x00002158   0x00000000   Code   RO          393    .ARM.Collect$$libinit$$00000011  c_w.l(libinit2.o)
    0x00002158   0x00002158   0x00000000   Code   RO          395    .ARM.Collect$$libinit$$00000013  c_w.l(libinit2.o)
    0x00002158   0x00002158   0x00000000   Code   RO          397    .ARM.Collect$$libinit$$00000015  c_w.l(libinit2.o)
    0x00002158   0x00002158   0x00000000   Code   RO          399    .ARM.Collect$$libinit$$00000017  c_w.l(libinit2.o)
    0x00002158   0x00002158   0x00000000   Code   RO          401    .ARM.Collect$$libinit$$00000019  c_w.l(libinit2.o)
    0x00002158   0x00002158   0x00000000   Code   RO          403    .ARM.Collect$$libinit$$0000001B  c_w.l(libinit2.o)
    0x00002158   0x00002158   0x00000000   Code   RO          405    .ARM.Collect$$libinit$$0000001D  c_w.l(libinit2.o)
    0x00002158   0x00002158   0x00000000   Code   RO          407    .ARM.Collect$$libinit$$0000001F  c_w.l(libinit2.o)
    0x00002158   0x00002158   0x00000000   Code   RO          409    .ARM.Collect$$libinit$$00000021  c_w.l(libinit2.o)
    0x00002158   0x00002158   0x00000000   Code   RO          411    .ARM.Collect$$libinit$$00000023  c_w.l(libinit2.o)
    0x00002158   0x00002158   0x00000000   Code   RO          413    .ARM.Collect$$libinit$$00000025  c_w.l(libinit2.o)
    0x00002158   0x00002158   0x00000000   Code   RO          417    .ARM.Collect$$libinit$$0000002C  c_w.l(libinit2.o)
    0x00002158   0x00002158   0x00000000   Code   RO          419    .ARM.Collect$$libinit$$0000002E  c_w.l(libinit2.o)
    0x00002158   0x00002158   0x00000000   Code   RO          421    .ARM.Collect$$libinit$$00000030  c_w.l(libinit2.o)
    0x00002158   0x00002158   0x00000000   Code   RO          423    .ARM.Collect$$libinit$$00000032  c_w.l(libinit2.o)
    0x00002158   0x00002158   0x00000002   Code   RO          424    .ARM.Collect$$libinit$$00000033  c_w.l(libinit2.o)
    0x0000215a   0x0000215a   0x00000002   Code   RO          444    .ARM.Collect$$libshutdown$$00000000  c_w.l(libshutdown.o)
    0x0000215c   0x0000215c   0x00000000   Code   RO          457    .ARM.Collect$$libshutdown$$00000002  c_w.l(libshutdown2.o)
    0x0000215c   0x0000215c   0x00000000   Code   RO          459    .ARM.Collect$$libshutdown$$00000004  c_w.l(libshutdown2.o)
    0x0000215c   0x0000215c   0x00000000   Code   RO          462    .ARM.Collect$$libshutdown$$00000007  c_w.l(libshutdown2.o)
    0x0000215c   0x0000215c   0x00000000   Code   RO          465    .ARM.Collect$$libshutdown$$0000000A  c_w.l(libshutdown2.o)
    0x0000215c   0x0000215c   0x00000000   Code   RO          467    .ARM.Collect$$libshutdown$$0000000C  c_w.l(libshutdown2.o)
    0x0000215c   0x0000215c   0x00000000   Code   RO          470    .ARM.Collect$$libshutdown$$0000000F  c_w.l(libshutdown2.o)
    0x0000215c   0x0000215c   0x00000002   Code   RO          471    .ARM.Collect$$libshutdown$$00000010  c_w.l(libshutdown2.o)
    0x0000215e   0x0000215e   0x00000000   Code   RO          325    .ARM.Collect$$rtentry$$00000000  c_w.l(__rtentry.o)
    0x0000215e   0x0000215e   0x00000000   Code   RO          347    .ARM.Collect$$rtentry$$00000002  c_w.l(__rtentry2.o)
    0x0000215e   0x0000215e   0x00000006   Code   RO          359    .ARM.Collect$$rtentry$$00000004  c_w.l(__rtentry4.o)
    0x00002164   0x00002164   0x00000000   Code   RO          349    .ARM.Collect$$rtentry$$00000009  c_w.l(__rtentry2.o)
    0x00002164   0x00002164   0x00000004   Code   RO          350    .ARM.Collect$$rtentry$$0000000A  c_w.l(__rtentry2.o)
    0x00002168   0x00002168   0x00000000   Code   RO          352    .ARM.Collect$$rtentry$$0000000C  c_w.l(__rtentry2.o)
    0x00002168   0x00002168   0x00000008   Code   RO          353    .ARM.Collect$$rtentry$$0000000D  c_w.l(__rtentry2.o)
    0x00002170   0x00002170   0x00000002   Code   RO          378    .ARM.Collect$$rtexit$$00000000  c_w.l(rtexit.o)
    0x00002172   0x00002172   0x00000000   Code   RO          426    .ARM.Collect$$rtexit$$00000002  c_w.l(rtexit2.o)
    0x00002172   0x00002172   0x00000004   Code   RO          427    .ARM.Collect$$rtexit$$00000003  c_w.l(rtexit2.o)
    0x00002176   0x00002176   0x00000006   Code   RO          428    .ARM.Collect$$rtexit$$00000004  c_w.l(rtexit2.o)
    0x0000217c   0x0000217c   0x00000084   Code   RO          126    .emb_text           port.o
    0x00002200   0x00002200   0x00000034   Code   RO            5    .text               startup_lpc17xx.o
    0x00002234   0x00002234   0x0000006c   Code   RO           13    .text               heap_1.o
    0x000022a0   0x000022a0   0x00000094   Code   RO           59    .text               list.o
    0x00002334   0x00002334   0x00000148   Code   RO           73    .text               main.o
    0x0000247c   0x0000247c   0x000000b0   Code   RO          127    .text               port.o
    0x0000252c   0x0000252c   0x000001f0   Code   RO          161    .text               system_lpc17xx.o
    0x0000271c   0x0000271c   0x00000c28   Code   RO          189    .text               tasks.o
    0x00003344   0x00003344   0x0000046e   Code   RO          235    .text               uart.o
    0x000037b2   0x000037b2   0x00000002   PAD
    0x000037b4   0x000037b4   0x00000028   Code   RO          261    .text               c_w.l(noretval__2sprintf.o)
    0x000037dc   0x000037dc   0x00000068   Code   RO          263    .text               c_w.l(__printf.o)
    0x00003844   0x00003844   0x00000052   Code   RO          265    .text               c_w.l(_printf_str.o)
    0x00003896   0x00003896   0x00000002   PAD
    0x00003898   0x00003898   0x00000078   Code   RO          267    .text               c_w.l(_printf_dec.o)
    0x00003910   0x00003910   0x00000018   Code   RO          293    .text               c_w.l(strcat.o)
    0x00003928   0x00003928   0x00000010   Code   RO          297    .text               c_w.l(aeabi_memset.o)
    0x00003938   0x00003938   0x00000056   Code   RO          299    .text               c_w.l(strncpy.o)
    0x0000398e   0x0000398e   0x00000006   Code   RO          301    .text               c_w.l(heapauxi.o)
    0x00003994   0x00003994   0x000000b2   Code   RO          326    .text               c_w.l(_printf_intcommon.o)
    0x00003a46   0x00003a46   0x00000002   PAD
    0x00003a48   0x00003a48   0x00000030   Code   RO          328    .text               c_w.l(_printf_char_common.o)
    0x00003a78   0x00003a78   0x0000000a   Code   RO          330    .text               c_w.l(_sputc.o)
    0x00003a82   0x00003a82   0x0000002c   Code   RO          332    .text               c_w.l(_printf_char.o)
    0x00003aae   0x00003aae   0x00000044   Code   RO          337    .text               c_w.l(rt_memclr.o)
    0x00003af2   0x00003af2   0x0000004e   Code   RO          363    .text               c_w.l(rt_memclr_w.o)
    0x00003b40   0x00003b40   0x0000004a   Code   RO          365    .text               c_w.l(sys_stackheap_outer.o)
    0x00003b8a   0x00003b8a   0x00000012   Code   RO          367    .text               c_w.l(exit.o)
    0x00003b9c   0x00003b9c   0x00000008   Code   RO          375    .text               c_w.l(libspace.o)
    0x00003ba4   0x00003ba4   0x0000000c   Code   RO          436    .text               c_w.l(sys_exit.o)
    0x00003bb0   0x00003bb0   0x00000002   Code   RO          447    .text               c_w.l(use_no_semi.o)
    0x00003bb2   0x00003bb2   0x00000000   Code   RO          449    .text               c_w.l(indicate_semi.o)
    0x00003bb2   0x00003bb2   0x00000002   PAD
    0x00003bb4   0x00003bb4   0x00000062   Code   RO          305    x$fpl$d2f           fz_ws.l(d2f.o)
    0x00003c16   0x00003c16   0x0000009c   Code   RO          339    x$fpl$dnaninf       fz_ws.l(dnaninf.o)
    0x00003cb2   0x00003cb2   0x00000002   PAD
    0x00003cb4   0x00003cb4   0x000000c4   Code   RO          307    x$fpl$fadd          fz_ws.l(faddsub_clz.o)
    0x00003d78   0x00003d78   0x0000003e   Code   RO          313    x$fpl$ffixu         fz_ws.l(ffixu.o)
    0x00003db6   0x00003db6   0x00000002   PAD
    0x00003db8   0x00003db8   0x00000026   Code   RO          317    x$fpl$ffltu         fz_ws.l(fflt_clz.o)
    0x00003dde   0x00003dde   0x00000002   PAD
    0x00003de0   0x00003de0   0x00000102   Code   RO          323    x$fpl$fmul          fz_ws.l(fmul.o)
    0x00003ee2   0x00003ee2   0x0000008c   Code   RO          341    x$fpl$fnaninf       fz_ws.l(fnaninf.o)
    0x00003f6e   0x00003f6e   0x0000000a   Code   RO          343    x$fpl$fretinf       fz_ws.l(fretinf.o)
    0x00003f78   0x00003f78   0x00000014   Code   RO          308    x$fpl$frsb          fz_ws.l(faddsub_clz.o)
    0x00003f8c   0x00003f8c   0x000000ea   Code   RO          309    x$fpl$fsub          fz_ws.l(faddsub_clz.o)
    0x00004076   0x00004076   0x00000000   Code   RO          345    x$fpl$usenofp       fz_ws.l(usenofp.o)
    0x00004076   0x00004076   0x00000002   PAD
    0x00004078   0x00004078   0x00000020   Data   RO          502    Region$$Table       anon$$obj.o


    Execution Region RW_IRAM1 (Exec base: 0x10000000, Load base: 0x00004098, Size: 0x000013a0, Max: 0x00008000, ABSOLUTE)

    Exec Addr    Load Addr    Size         Type   Attr      Idx    E Section Name        Object

    0x10000000   0x00004098   0x00000004   Data   RW           15    .data               heap_1.o
    0x10000004   0x0000409c   0x00000004   Data   RW          128    .data               port.o
    0x10000008   0x000040a0   0x00000004   Data   RW          162    .data               system_lpc17xx.o
    0x1000000c   0x000040a4   0x0000003c   Data   RW          191    .data               tasks.o
    0x10000048        -       0x00001000   Zero   RW           14    .bss                heap_1.o
    0x10001048        -       0x000000f2   Zero   RW          190    .bss                tasks.o
    0x1000113a   0x000040e0   0x00000002   PAD
    0x1000113c        -       0x00000060   Zero   RW          376    .bss                c_w.l(libspace.o)
    0x1000119c   0x000040e0   0x00000004   PAD
    0x100011a0        -       0x00000000   Zero   RW            2    HEAP                startup_lpc17xx.o
    0x100011a0        -       0x00000200   Zero   RW            1    STACK               startup_lpc17xx.o



  Load Region LR$$.ARM.__at_0x02FC (Base: 0x000002fc, Size: 0x00000004, Max: 0x00000004, ABSOLUTE)

    Execution Region ER$$.ARM.__at_0x02FC (Exec base: 0x000002fc, Load base: 0x000002fc, Size: 0x00000004, Max: 0x00000004, ABSOLUTE, UNINIT)

    Exec Addr    Load Addr    Size         Type   Attr      Idx    E Section Name        Object

    0x000002fc   0x000002fc   0x00000004   Code   RO            4    .ARM.__at_0x02FC    startup_lpc17xx.o


==============================================================================

Image component sizes


      Code (inc. data)   RO Data    RW Data    ZI Data      Debug   Object Name

       108         10          0          4       4096      10468   heap_1.o
       148          0          0          0          0       1793   list.o
       328        114          0          0          0       6963   main.o
       308         20          0          4          0       2505   port.o
        56         22        204          0        512       1104   startup_lpc17xx.o
       496         28          0          4          0        879   system_lpc17xx.o
      3112        246          0         60        242      14429   tasks.o
      1134         22          0          0          0       4466   uart.o

    ----------------------------------------------------------------------
      5692        462        236         72       4852      42607   Object Totals
         0          0         32          0          0          0   (incl. Generated)
         2          0          0          0          2          0   (incl. Padding)

    ----------------------------------------------------------------------

      Code (inc. data)   RO Data    RW Data    ZI Data      Debug   Library Member Name

         8          0          0          0          0         68   __main.o
       104          0          0          0          0         84   __printf.o
         0          0          0          0          0          0   __rtentry.o
        12          0          0          0          0          0   __rtentry2.o
         6          0          0          0          0          0   __rtentry4.o
        52          8          0          0          0          0   __scatter.o
        26          0          0          0          0          0   __scatter_copy.o
        28          0          0          0          0          0   __scatter_zi.o
         6          0          0          0          0          0   _printf_c.o
        44          0          0          0          0        108   _printf_char.o
        48          6          0          0          0         96   _printf_char_common.o
       120         16          0          0          0         92   _printf_dec.o
       178          0          0          0          0         88   _printf_intcommon.o
         0          0          0          0          0          0   _printf_percent.o
         4          0          0          0          0          0   _printf_percent_end.o
         6          0          0          0          0          0   _printf_s.o
        82          0          0          0          0         80   _printf_str.o
         6          0          0          0          0          0   _printf_u.o
        10          0          0          0          0         68   _sputc.o
        16          0          0          0          0         68   aeabi_memset.o
        18          0          0          0          0         80   exit.o
         6          0          0          0          0        152   heapauxi.o
         0          0          0          0          0          0   indicate_semi.o
         2          0          0          0          0          0   libinit.o
         2          0          0          0          0          0   libinit2.o
         2          0          0          0          0          0   libshutdown.o
         2          0          0          0          0          0   libshutdown2.o
         8          4          0          0         96         68   libspace.o
        40          6          0          0          0         84   noretval__2sprintf.o
        68          0          0          0          0         68   rt_memclr.o
        78          0          0          0          0         80   rt_memclr_w.o
         2          0          0          0          0          0   rtexit.o
        10          0          0          0          0          0   rtexit2.o
        24          0          0          0          0         68   strcat.o
        86          0          0          0          0         76   strncpy.o
        12          4          0          0          0         68   sys_exit.o
        74          0          0          0          0         80   sys_stackheap_outer.o
         2          0          0          0          0         68   use_no_semi.o
        98          4          0          0          0         92   d2f.o
       156          4          0          0          0         92   dnaninf.o
       450          8          0          0          0        236   faddsub_clz.o
        62          4          0          0          0         84   ffixu.o
        38          0          0          0          0         68   fflt_clz.o
       258          4          0          0          0         84   fmul.o
       140          4          0          0          0         84   fnaninf.o
        10          0          0          0          0         68   fretinf.o
         0          0          0          0          0          0   usenofp.o

    ----------------------------------------------------------------------
      2420         72          0          0        100       2452   Library Totals
        16          0          0          0          4          0   (incl. Padding)

    ----------------------------------------------------------------------

      Code (inc. data)   RO Data    RW Data    ZI Data      Debug   Library Name

      1192         44          0          0         96       1644   c_w.l
      1212         28          0          0          0        808   fz_ws.l

    ----------------------------------------------------------------------
      2420         72          0          0        100       2452   Library Totals

    ----------------------------------------------------------------------

==============================================================================


      Code (inc. data)   RO Data    RW Data    ZI Data      Debug   

      8112        534        236         72       4952      43027   Grand Totals
      8112        534        236         72       4952      43027   ELF Image Totals
      8112        534        236         72          0          0   ROM Totals

==============================================================================

    Total RO  Size (Code + RO Data)                 8348 (   8.15kB)
    Total RW  Size (RW Data + ZI Data)              5024 (   4.91kB)
    Total ROM Size (Code + RO Data + RW Data)       8420 (   8.22kB)

==============================================================================

